src/app/courses/[slug]/learn/page.tsx(107,45): error TS2322: Type '{ id: string; title: string; duration: string; type: string; isFree: boolean; }' is not assignable to type 'Lesson'.
  Types of property 'type' are incompatible.
    Type 'string' is not assignable to type '"quiz" | "video" | "assignment"'.
src/app/courses/[slug]/learn/page.tsx(107,67): error TS2740: Type '{ id: string; title: string; curriculum: { id: string; title: string; lessons: { id: string; title: string; duration: string; type: string; isFree: boolean; }[]; }[]; }' is missing the following properties from type 'Course': description, thumbnail, author, price, and 8 more.
src/app/courses/[slug]/learn/page.tsx(115,38): error TS2740: Type '{ id: string; title: string; curriculum: { id: string; title: string; lessons: { id: string; title: string; duration: string; type: string; isFree: boolean; }[]; }[]; }' is missing the following properties from type 'Course': description, thumbnail, author, price, and 8 more.
src/app/mentors/page.tsx(113,57): error TS2322: Type 'Mentor | { id: string; name: string; subject: string; rating: number; students: number; image: string; bio: string; }' is not assignable to type 'Mentor'.
  Type '{ id: string; name: string; subject: string; rating: number; students: number; image: string; bio: string; }' is missing the following properties from type 'Mentor': role, company, courses, social
src/components/courses/section-builder.tsx(78,35): error TS2339: Property 'dataTransfer' does not exist on type 'MouseEvent | TouchEvent | PointerEvent'.
  Property 'dataTransfer' does not exist on type 'MouseEvent'.
src/components/layout/sidebar.tsx(29,13): error TS2339: Property 'logout' does not exist on type 'AuthContextType'.
src/components/questions/question-picker.tsx(196,17): error TS2322: Type '{ children: Element[]; className: string; onClick: (e: any) => any; onPointerDownOutside: (e: any) => any; onInteractOutside: (e: any) => any; }' is not assignable to type 'IntrinsicAttributes & { children: ReactNode; className?: string | undefined; }'.
  Property 'onClick' does not exist on type 'IntrinsicAttributes & { children: ReactNode; className?: string | undefined; }'.
src/components/questions/question-picker.tsx(196,27): error TS7006: Parameter 'e' implicitly has an 'any' type.
src/components/questions/question-picker.tsx(197,40): error TS7006: Parameter 'e' implicitly has an 'any' type.
src/components/questions/question-picker.tsx(198,37): error TS7006: Parameter 'e' implicitly has an 'any' type.
src/components/teachers/subscription-package-dialog.tsx(48,9): error TS2322: Type 'Resolver<{ name: string; price: unknown; educationalStage: string; id?: string | undefined; currency?: string | undefined; billingCycle?: "term" | "monthly" | "quarterly" | "yearly" | undefined; features?: string[] | undefined; isActive?: boolean | undefined; }, any, { ...; }>' is not assignable to type 'Resolver<{ name: string; price: number; currency: string; billingCycle: "term" | "monthly" | "quarterly" | "yearly"; educationalStage: string; features: string[]; isActive: boolean; id?: string | undefined; }, any, { ...; }>'.
  Types of parameters 'options' and 'options' are incompatible.
    Type 'ResolverOptions<{ name: string; price: number; currency: string; billingCycle: "term" | "monthly" | "quarterly" | "yearly"; educationalStage: string; features: string[]; isActive: boolean; id?: string | undefined; }>' is not assignable to type 'ResolverOptions<{ name: string; price: unknown; educationalStage: string; id?: string | undefined; currency?: string | undefined; billingCycle?: "term" | "monthly" | "quarterly" | "yearly" | undefined; features?: string[] | undefined; isActive?: boolean | undefined; }>'.
      Types of property 'names' are incompatible.
        Type 'string[] | undefined' is not assignable to type '("name" | "id" | "price" | "currency" | "isActive" | "billingCycle" | "educationalStage" | "features")[] | undefined'.
          Type 'string[]' is not assignable to type '("name" | "id" | "price" | "currency" | "isActive" | "billingCycle" | "educationalStage" | "features")[]'.
            Type 'string' is not assignable to type '"name" | "id" | "price" | "currency" | "isActive" | "billingCycle" | "educationalStage" | "features"'.
src/components/teachers/subscription-package-dialog.tsx(84,74): error TS2322: Type '{ children: Element[]; className: string; dir: string; }' is not assignable to type 'IntrinsicAttributes & { children: ReactNode; className?: string | undefined; }'.
  Property 'dir' does not exist on type 'IntrinsicAttributes & { children: ReactNode; className?: string | undefined; }'.
src/components/teachers/subscription-package-dialog.tsx(92,55): error TS2345: Argument of type '(values: SubscriptionPackageFormValues) => void' is not assignable to parameter of type 'SubmitHandler<TFieldValues>'.
  Types of parameters 'values' and 'data' are incompatible.
    Type 'TFieldValues' is not assignable to type '{ name: string; price: number; currency: string; billingCycle: "term" | "monthly" | "quarterly" | "yearly"; educationalStage: string; features: string[]; isActive: boolean; id?: string | undefined; }'.
      Type 'FieldValues' is missing the following properties from type '{ name: string; price: number; currency: string; billingCycle: "term" | "monthly" | "quarterly" | "yearly"; educationalStage: string; features: string[]; isActive: boolean; id?: string | undefined; }': name, price, currency, billingCycle, and 3 more.
src/components/teachers/subscription-package-dialog.tsx(96,29): error TS2322: Type 'Control<{ name: string; price: number; currency: string; billingCycle: "term" | "monthly" | "quarterly" | "yearly"; educationalStage: string; features: string[]; isActive: boolean; id?: string | undefined; }, any, TFieldValues>' is not assignable to type 'Control<{ name: string; price: number; currency: string; billingCycle: "term" | "monthly" | "quarterly" | "yearly"; educationalStage: string; features: string[]; isActive: boolean; id?: string | undefined; }, any, { ...; }>'.
  The types of '_options.resolver' are incompatible between these types.
    Type 'Resolver<{ name: string; price: number; currency: string; billingCycle: "term" | "monthly" | "quarterly" | "yearly"; educationalStage: string; features: string[]; isActive: boolean; id?: string | undefined; }, any, TFieldValues> | undefined' is not assignable to type 'Resolver<{ name: string; price: number; currency: string; billingCycle: "term" | "monthly" | "quarterly" | "yearly"; educationalStage: string; features: string[]; isActive: boolean; id?: string | undefined; }, any, { ...; }> | undefined'.
      Type 'Resolver<{ name: string; price: number; currency: string; billingCycle: "term" | "monthly" | "quarterly" | "yearly"; educationalStage: string; features: string[]; isActive: boolean; id?: string | undefined; }, any, TFieldValues>' is not assignable to type 'Resolver<{ name: string; price: number; currency: string; billingCycle: "term" | "monthly" | "quarterly" | "yearly"; educationalStage: string; features: string[]; isActive: boolean; id?: string | undefined; }, any, { ...; }>'.
        Type 'ResolverResult<{ name: string; price: number; currency: string; billingCycle: "term" | "monthly" | "quarterly" | "yearly"; educationalStage: string; features: string[]; isActive: boolean; id?: string | undefined; }, TFieldValues> | Promise<...>' is not assignable to type 'ResolverResult<{ name: string; price: number; currency: string; billingCycle: "term" | "monthly" | "quarterly" | "yearly"; educationalStage: string; features: string[]; isActive: boolean; id?: string | undefined; }, { ...; }> | Promise<...>'.
          Type 'ResolverSuccess<TFieldValues>' is not assignable to type 'ResolverResult<{ name: string; price: number; currency: string; billingCycle: "term" | "monthly" | "quarterly" | "yearly"; educationalStage: string; features: string[]; isActive: boolean; id?: string | undefined; }, { ...; }> | Promise<...>'.
            Type 'ResolverSuccess<TFieldValues>' is not assignable to type 'ResolverSuccess<{ name: string; price: number; currency: string; billingCycle: "term" | "monthly" | "quarterly" | "yearly"; educationalStage: string; features: string[]; isActive: boolean; id?: string | undefined; }>'.
              Type 'TFieldValues' is not assignable to type '{ name: string; price: number; currency: string; billingCycle: "term" | "monthly" | "quarterly" | "yearly"; educationalStage: string; features: string[]; isActive: boolean; id?: string | undefined; }'.
                Type 'FieldValues' is missing the following properties from type '{ name: string; price: number; currency: string; billingCycle: "term" | "monthly" | "quarterly" | "yearly"; educationalStage: string; features: string[]; isActive: boolean; id?: string | undefined; }': name, price, currency, billingCycle, and 3 more.
src/components/teachers/subscription-package-dialog.tsx(116,29): error TS2322: Type 'Control<{ name: string; price: number; currency: string; billingCycle: "term" | "monthly" | "quarterly" | "yearly"; educationalStage: string; features: string[]; isActive: boolean; id?: string | undefined; }, any, TFieldValues>' is not assignable to type 'Control<{ name: string; price: number; currency: string; billingCycle: "term" | "monthly" | "quarterly" | "yearly"; educationalStage: string; features: string[]; isActive: boolean; id?: string | undefined; }, any, { ...; }>'.
  The types of '_options.resolver' are incompatible between these types.
    Type 'Resolver<{ name: string; price: number; currency: string; billingCycle: "term" | "monthly" | "quarterly" | "yearly"; educationalStage: string; features: string[]; isActive: boolean; id?: string | undefined; }, any, TFieldValues> | undefined' is not assignable to type 'Resolver<{ name: string; price: number; currency: string; billingCycle: "term" | "monthly" | "quarterly" | "yearly"; educationalStage: string; features: string[]; isActive: boolean; id?: string | undefined; }, any, { ...; }> | undefined'.
      Type 'Resolver<{ name: string; price: number; currency: string; billingCycle: "term" | "monthly" | "quarterly" | "yearly"; educationalStage: string; features: string[]; isActive: boolean; id?: string | undefined; }, any, TFieldValues>' is not assignable to type 'Resolver<{ name: string; price: number; currency: string; billingCycle: "term" | "monthly" | "quarterly" | "yearly"; educationalStage: string; features: string[]; isActive: boolean; id?: string | undefined; }, any, { ...; }>'.
        Type 'ResolverResult<{ name: string; price: number; currency: string; billingCycle: "term" | "monthly" | "quarterly" | "yearly"; educationalStage: string; features: string[]; isActive: boolean; id?: string | undefined; }, TFieldValues> | Promise<...>' is not assignable to type 'ResolverResult<{ name: string; price: number; currency: string; billingCycle: "term" | "monthly" | "quarterly" | "yearly"; educationalStage: string; features: string[]; isActive: boolean; id?: string | undefined; }, { ...; }> | Promise<...>'.
          Type 'ResolverSuccess<TFieldValues>' is not assignable to type 'ResolverResult<{ name: string; price: number; currency: string; billingCycle: "term" | "monthly" | "quarterly" | "yearly"; educationalStage: string; features: string[]; isActive: boolean; id?: string | undefined; }, { ...; }> | Promise<...>'.
            Type 'ResolverSuccess<TFieldValues>' is not assignable to type 'ResolverSuccess<{ name: string; price: number; currency: string; billingCycle: "term" | "monthly" | "quarterly" | "yearly"; educationalStage: string; features: string[]; isActive: boolean; id?: string | undefined; }>'.
              Type 'TFieldValues' is not assignable to type '{ name: string; price: number; currency: string; billingCycle: "term" | "monthly" | "quarterly" | "yearly"; educationalStage: string; features: string[]; isActive: boolean; id?: string | undefined; }'.
                Type 'FieldValues' is missing the following properties from type '{ name: string; price: number; currency: string; billingCycle: "term" | "monthly" | "quarterly" | "yearly"; educationalStage: string; features: string[]; isActive: boolean; id?: string | undefined; }': name, price, currency, billingCycle, and 3 more.
src/components/teachers/subscription-package-dialog.tsx(137,29): error TS2322: Type 'Control<{ name: string; price: number; currency: string; billingCycle: "term" | "monthly" | "quarterly" | "yearly"; educationalStage: string; features: string[]; isActive: boolean; id?: string | undefined; }, any, TFieldValues>' is not assignable to type 'Control<{ name: string; price: number; currency: string; billingCycle: "term" | "monthly" | "quarterly" | "yearly"; educationalStage: string; features: string[]; isActive: boolean; id?: string | undefined; }, any, { ...; }>'.
  The types of '_options.resolver' are incompatible between these types.
    Type 'Resolver<{ name: string; price: number; currency: string; billingCycle: "term" | "monthly" | "quarterly" | "yearly"; educationalStage: string; features: string[]; isActive: boolean; id?: string | undefined; }, any, TFieldValues> | undefined' is not assignable to type 'Resolver<{ name: string; price: number; currency: string; billingCycle: "term" | "monthly" | "quarterly" | "yearly"; educationalStage: string; features: string[]; isActive: boolean; id?: string | undefined; }, any, { ...; }> | undefined'.
      Type 'Resolver<{ name: string; price: number; currency: string; billingCycle: "term" | "monthly" | "quarterly" | "yearly"; educationalStage: string; features: string[]; isActive: boolean; id?: string | undefined; }, any, TFieldValues>' is not assignable to type 'Resolver<{ name: string; price: number; currency: string; billingCycle: "term" | "monthly" | "quarterly" | "yearly"; educationalStage: string; features: string[]; isActive: boolean; id?: string | undefined; }, any, { ...; }>'.
        Type 'ResolverResult<{ name: string; price: number; currency: string; billingCycle: "term" | "monthly" | "quarterly" | "yearly"; educationalStage: string; features: string[]; isActive: boolean; id?: string | undefined; }, TFieldValues> | Promise<...>' is not assignable to type 'ResolverResult<{ name: string; price: number; currency: string; billingCycle: "term" | "monthly" | "quarterly" | "yearly"; educationalStage: string; features: string[]; isActive: boolean; id?: string | undefined; }, { ...; }> | Promise<...>'.
          Type 'ResolverSuccess<TFieldValues>' is not assignable to type 'ResolverResult<{ name: string; price: number; currency: string; billingCycle: "term" | "monthly" | "quarterly" | "yearly"; educationalStage: string; features: string[]; isActive: boolean; id?: string | undefined; }, { ...; }> | Promise<...>'.
            Type 'ResolverSuccess<TFieldValues>' is not assignable to type 'ResolverSuccess<{ name: string; price: number; currency: string; billingCycle: "term" | "monthly" | "quarterly" | "yearly"; educationalStage: string; features: string[]; isActive: boolean; id?: string | undefined; }>'.
              Type 'TFieldValues' is not assignable to type '{ name: string; price: number; currency: string; billingCycle: "term" | "monthly" | "quarterly" | "yearly"; educationalStage: string; features: string[]; isActive: boolean; id?: string | undefined; }'.
                Type 'FieldValues' is missing the following properties from type '{ name: string; price: number; currency: string; billingCycle: "term" | "monthly" | "quarterly" | "yearly"; educationalStage: string; features: string[]; isActive: boolean; id?: string | undefined; }': name, price, currency, billingCycle, and 3 more.
src/components/teachers/teacher-editor.tsx(45,9): error TS2322: Type 'Resolver<{ name: string; email: string; specialization: string; id?: string | undefined; password?: string | undefined; phone?: string | undefined; status?: "active" | "inactive" | "suspended" | undefined; ... 4 more ...; rating?: number | undefined; }, any, { ...; }>' is not assignable to type 'Resolver<{ name: string; email: string; specialization: string; status: "active" | "inactive" | "suspended"; activeCourses: number; rating: number; id?: string | undefined; password?: string | undefined; phone?: string | undefined; bio?: string | undefined; avatar?: string | undefined; joinedDate?: string | undefine...'.
  Types of parameters 'options' and 'options' are incompatible.
    Type 'ResolverOptions<{ name: string; email: string; specialization: string; status: "active" | "inactive" | "suspended"; activeCourses: number; rating: number; id?: string | undefined; password?: string | undefined; phone?: string | undefined; bio?: string | undefined; avatar?: string | undefined; joinedDate?: string | u...' is not assignable to type 'ResolverOptions<{ name: string; email: string; specialization: string; id?: string | undefined; password?: string | undefined; phone?: string | undefined; status?: "active" | "inactive" | "suspended" | undefined; ... 4 more ...; rating?: number | undefined; }>'.
      Type '"active" | "inactive" | "suspended" | undefined' is not assignable to type '"active" | "inactive" | "suspended"'.
        Type 'undefined' is not assignable to type '"active" | "inactive" | "suspended"'.
src/components/teachers/teacher-editor.tsx(121,55): error TS2345: Argument of type '(data: TeacherFormValues) => void' is not assignable to parameter of type 'SubmitHandler<TFieldValues>'.
  Types of parameters 'data' and 'data' are incompatible.
    Type 'TFieldValues' is not assignable to type '{ name: string; email: string; specialization: string; status: "active" | "inactive" | "suspended"; activeCourses: number; rating: number; id?: string | undefined; password?: string | undefined; phone?: string | undefined; bio?: string | undefined; avatar?: string | undefined; joinedDate?: string | undefined; }'.
      Type 'FieldValues' is missing the following properties from type '{ name: string; email: string; specialization: string; status: "active" | "inactive" | "suspended"; activeCourses: number; rating: number; id?: string | undefined; password?: string | undefined; phone?: string | undefined; bio?: string | undefined; avatar?: string | undefined; joinedDate?: string | undefined; }': name, email, specialization, status, and 2 more.
src/components/teachers/teacher-editor.tsx(131,37): error TS2719: Type 'import("E:/faiera-web/node_modules/react-hook-form/dist/types/form").Control<{ name: string; email: string; specialization: string; status: "active" | "inactive" | "suspended"; activeCourses: number; rating: number; id?: string | undefined; password?: string | undefined; phone?: string | undefined; bio?: string | un...' is not assignable to type 'import("E:/faiera-web/node_modules/react-hook-form/dist/types/form").Control<{ name: string; email: string; specialization: string; status: "active" | "inactive" | "suspended"; activeCourses: number; rating: number; id?: string | undefined; password?: string | undefined; phone?: string | undefined; bio?: string | un...'. Two different types with this name exist, but they are unrelated.
  The types of '_options.resolver' are incompatible between these types.
    Type 'import("E:/faiera-web/node_modules/react-hook-form/dist/types/resolvers").Resolver<{ name: string; email: string; specialization: string; status: "active" | "inactive" | "suspended"; activeCourses: number; rating: number; id?: string | undefined; password?: string | undefined; phone?: string | undefined; bio?: strin...' is not assignable to type 'import("E:/faiera-web/node_modules/react-hook-form/dist/types/resolvers").Resolver<{ name: string; email: string; specialization: string; status: "active" | "inactive" | "suspended"; activeCourses: number; rating: number; id?: string | undefined; password?: string | undefined; phone?: string | undefined; bio?: strin...'. Two different types with this name exist, but they are unrelated.
      Type 'import("E:/faiera-web/node_modules/react-hook-form/dist/types/resolvers").Resolver<{ name: string; email: string; specialization: string; status: "active" | "inactive" | "suspended"; activeCourses: number; rating: number; id?: string | undefined; password?: string | undefined; phone?: string | undefined; bio?: strin...' is not assignable to type 'import("E:/faiera-web/node_modules/react-hook-form/dist/types/resolvers").Resolver<{ name: string; email: string; specialization: string; status: "active" | "inactive" | "suspended"; activeCourses: number; rating: number; id?: string | undefined; password?: string | undefined; phone?: string | undefined; bio?: strin...'. Two different types with this name exist, but they are unrelated.
        Type 'import("E:/faiera-web/node_modules/react-hook-form/dist/types/resolvers").ResolverResult<{ name: string; email: string; specialization: string; status: "active" | "inactive" | "suspended"; activeCourses: number; rating: number; id?: string | undefined; password?: string | undefined; phone?: string | undefined; bio?:...' is not assignable to type 'import("E:/faiera-web/node_modules/react-hook-form/dist/types/resolvers").ResolverResult<{ name: string; email: string; specialization: string; status: "active" | "inactive" | "suspended"; activeCourses: number; rating: number; id?: string | undefined; password?: string | undefined; phone?: string | undefined; bio?:...'. Two different types with this name exist, but they are unrelated.
          Type 'ResolverSuccess<TFieldValues>' is not assignable to type 'ResolverResult<{ name: string; email: string; specialization: string; status: "active" | "inactive" | "suspended"; activeCourses: number; rating: number; id?: string | undefined; password?: string | undefined; phone?: string | undefined; bio?: string | undefined; avatar?: string | undefined; joinedDate?: string | un...'.
            Type 'ResolverSuccess<TFieldValues>' is not assignable to type 'ResolverSuccess<{ name: string; email: string; specialization: string; status: "active" | "inactive" | "suspended"; activeCourses: number; rating: number; id?: string | undefined; password?: string | undefined; phone?: string | undefined; bio?: string | undefined; avatar?: string | undefined; joinedDate?: string | u...'.
              Type 'TFieldValues' is not assignable to type '{ name: string; email: string; specialization: string; status: "active" | "inactive" | "suspended"; activeCourses: number; rating: number; id?: string | undefined; password?: string | undefined; phone?: string | undefined; bio?: string | undefined; avatar?: string | undefined; joinedDate?: string | undefined; }'.
                Type 'FieldValues' is missing the following properties from type '{ name: string; email: string; specialization: string; status: "active" | "inactive" | "suspended"; activeCourses: number; rating: number; id?: string | undefined; password?: string | undefined; phone?: string | undefined; bio?: string | undefined; avatar?: string | undefined; joinedDate?: string | undefined; }': name, email, specialization, status, and 2 more.
src/components/teachers/teacher-editor.tsx(145,37): error TS2719: Type 'import("E:/faiera-web/node_modules/react-hook-form/dist/types/form").Control<{ name: string; email: string; specialization: string; status: "active" | "inactive" | "suspended"; activeCourses: number; rating: number; id?: string | undefined; password?: string | undefined; phone?: string | undefined; bio?: string | un...' is not assignable to type 'import("E:/faiera-web/node_modules/react-hook-form/dist/types/form").Control<{ name: string; email: string; specialization: string; status: "active" | "inactive" | "suspended"; activeCourses: number; rating: number; id?: string | undefined; password?: string | undefined; phone?: string | undefined; bio?: string | un...'. Two different types with this name exist, but they are unrelated.
  The types of '_options.resolver' are incompatible between these types.
    Type 'import("E:/faiera-web/node_modules/react-hook-form/dist/types/resolvers").Resolver<{ name: string; email: string; specialization: string; status: "active" | "inactive" | "suspended"; activeCourses: number; rating: number; id?: string | undefined; password?: string | undefined; phone?: string | undefined; bio?: strin...' is not assignable to type 'import("E:/faiera-web/node_modules/react-hook-form/dist/types/resolvers").Resolver<{ name: string; email: string; specialization: string; status: "active" | "inactive" | "suspended"; activeCourses: number; rating: number; id?: string | undefined; password?: string | undefined; phone?: string | undefined; bio?: strin...'. Two different types with this name exist, but they are unrelated.
      Type 'import("E:/faiera-web/node_modules/react-hook-form/dist/types/resolvers").Resolver<{ name: string; email: string; specialization: string; status: "active" | "inactive" | "suspended"; activeCourses: number; rating: number; id?: string | undefined; password?: string | undefined; phone?: string | undefined; bio?: strin...' is not assignable to type 'import("E:/faiera-web/node_modules/react-hook-form/dist/types/resolvers").Resolver<{ name: string; email: string; specialization: string; status: "active" | "inactive" | "suspended"; activeCourses: number; rating: number; id?: string | undefined; password?: string | undefined; phone?: string | undefined; bio?: strin...'. Two different types with this name exist, but they are unrelated.
        Type 'import("E:/faiera-web/node_modules/react-hook-form/dist/types/resolvers").ResolverResult<{ name: string; email: string; specialization: string; status: "active" | "inactive" | "suspended"; activeCourses: number; rating: number; id?: string | undefined; password?: string | undefined; phone?: string | undefined; bio?:...' is not assignable to type 'import("E:/faiera-web/node_modules/react-hook-form/dist/types/resolvers").ResolverResult<{ name: string; email: string; specialization: string; status: "active" | "inactive" | "suspended"; activeCourses: number; rating: number; id?: string | undefined; password?: string | undefined; phone?: string | undefined; bio?:...'. Two different types with this name exist, but they are unrelated.
          Type 'ResolverSuccess<TFieldValues>' is not assignable to type 'ResolverResult<{ name: string; email: string; specialization: string; status: "active" | "inactive" | "suspended"; activeCourses: number; rating: number; id?: string | undefined; password?: string | undefined; phone?: string | undefined; bio?: string | undefined; avatar?: string | undefined; joinedDate?: string | un...'.
            Type 'ResolverSuccess<TFieldValues>' is not assignable to type 'ResolverSuccess<{ name: string; email: string; specialization: string; status: "active" | "inactive" | "suspended"; activeCourses: number; rating: number; id?: string | undefined; password?: string | undefined; phone?: string | undefined; bio?: string | undefined; avatar?: string | undefined; joinedDate?: string | u...'.
              Type 'TFieldValues' is not assignable to type '{ name: string; email: string; specialization: string; status: "active" | "inactive" | "suspended"; activeCourses: number; rating: number; id?: string | undefined; password?: string | undefined; phone?: string | undefined; bio?: string | undefined; avatar?: string | undefined; joinedDate?: string | undefined; }'.
                Type 'FieldValues' is missing the following properties from type '{ name: string; email: string; specialization: string; status: "active" | "inactive" | "suspended"; activeCourses: number; rating: number; id?: string | undefined; password?: string | undefined; phone?: string | undefined; bio?: string | undefined; avatar?: string | undefined; joinedDate?: string | undefined; }': name, email, specialization, status, and 2 more.
src/components/teachers/teacher-editor.tsx(164,37): error TS2719: Type 'import("E:/faiera-web/node_modules/react-hook-form/dist/types/form").Control<{ name: string; email: string; specialization: string; status: "active" | "inactive" | "suspended"; activeCourses: number; rating: number; id?: string | undefined; password?: string | undefined; phone?: string | undefined; bio?: string | un...' is not assignable to type 'import("E:/faiera-web/node_modules/react-hook-form/dist/types/form").Control<{ name: string; email: string; specialization: string; status: "active" | "inactive" | "suspended"; activeCourses: number; rating: number; id?: string | undefined; password?: string | undefined; phone?: string | undefined; bio?: string | un...'. Two different types with this name exist, but they are unrelated.
  The types of '_options.resolver' are incompatible between these types.
    Type 'import("E:/faiera-web/node_modules/react-hook-form/dist/types/resolvers").Resolver<{ name: string; email: string; specialization: string; status: "active" | "inactive" | "suspended"; activeCourses: number; rating: number; id?: string | undefined; password?: string | undefined; phone?: string | undefined; bio?: strin...' is not assignable to type 'import("E:/faiera-web/node_modules/react-hook-form/dist/types/resolvers").Resolver<{ name: string; email: string; specialization: string; status: "active" | "inactive" | "suspended"; activeCourses: number; rating: number; id?: string | undefined; password?: string | undefined; phone?: string | undefined; bio?: strin...'. Two different types with this name exist, but they are unrelated.
      Type 'import("E:/faiera-web/node_modules/react-hook-form/dist/types/resolvers").Resolver<{ name: string; email: string; specialization: string; status: "active" | "inactive" | "suspended"; activeCourses: number; rating: number; id?: string | undefined; password?: string | undefined; phone?: string | undefined; bio?: strin...' is not assignable to type 'import("E:/faiera-web/node_modules/react-hook-form/dist/types/resolvers").Resolver<{ name: string; email: string; specialization: string; status: "active" | "inactive" | "suspended"; activeCourses: number; rating: number; id?: string | undefined; password?: string | undefined; phone?: string | undefined; bio?: strin...'. Two different types with this name exist, but they are unrelated.
        Type 'import("E:/faiera-web/node_modules/react-hook-form/dist/types/resolvers").ResolverResult<{ name: string; email: string; specialization: string; status: "active" | "inactive" | "suspended"; activeCourses: number; rating: number; id?: string | undefined; password?: string | undefined; phone?: string | undefined; bio?:...' is not assignable to type 'import("E:/faiera-web/node_modules/react-hook-form/dist/types/resolvers").ResolverResult<{ name: string; email: string; specialization: string; status: "active" | "inactive" | "suspended"; activeCourses: number; rating: number; id?: string | undefined; password?: string | undefined; phone?: string | undefined; bio?:...'. Two different types with this name exist, but they are unrelated.
          Type 'ResolverSuccess<TFieldValues>' is not assignable to type 'ResolverResult<{ name: string; email: string; specialization: string; status: "active" | "inactive" | "suspended"; activeCourses: number; rating: number; id?: string | undefined; password?: string | undefined; phone?: string | undefined; bio?: string | undefined; avatar?: string | undefined; joinedDate?: string | un...'.
            Type 'ResolverSuccess<TFieldValues>' is not assignable to type 'ResolverSuccess<{ name: string; email: string; specialization: string; status: "active" | "inactive" | "suspended"; activeCourses: number; rating: number; id?: string | undefined; password?: string | undefined; phone?: string | undefined; bio?: string | undefined; avatar?: string | undefined; joinedDate?: string | u...'.
              Type 'TFieldValues' is not assignable to type '{ name: string; email: string; specialization: string; status: "active" | "inactive" | "suspended"; activeCourses: number; rating: number; id?: string | undefined; password?: string | undefined; phone?: string | undefined; bio?: string | undefined; avatar?: string | undefined; joinedDate?: string | undefined; }'.
                Type 'FieldValues' is missing the following properties from type '{ name: string; email: string; specialization: string; status: "active" | "inactive" | "suspended"; activeCourses: number; rating: number; id?: string | undefined; password?: string | undefined; phone?: string | undefined; bio?: string | undefined; avatar?: string | undefined; joinedDate?: string | undefined; }': name, email, specialization, status, and 2 more.
src/components/teachers/teacher-editor.tsx(189,37): error TS2719: Type 'import("E:/faiera-web/node_modules/react-hook-form/dist/types/form").Control<{ name: string; email: string; specialization: string; status: "active" | "inactive" | "suspended"; activeCourses: number; rating: number; id?: string | undefined; password?: string | undefined; phone?: string | undefined; bio?: string | un...' is not assignable to type 'import("E:/faiera-web/node_modules/react-hook-form/dist/types/form").Control<{ name: string; email: string; specialization: string; status: "active" | "inactive" | "suspended"; activeCourses: number; rating: number; id?: string | undefined; password?: string | undefined; phone?: string | undefined; bio?: string | un...'. Two different types with this name exist, but they are unrelated.
  The types of '_options.resolver' are incompatible between these types.
    Type 'import("E:/faiera-web/node_modules/react-hook-form/dist/types/resolvers").Resolver<{ name: string; email: string; specialization: string; status: "active" | "inactive" | "suspended"; activeCourses: number; rating: number; id?: string | undefined; password?: string | undefined; phone?: string | undefined; bio?: strin...' is not assignable to type 'import("E:/faiera-web/node_modules/react-hook-form/dist/types/resolvers").Resolver<{ name: string; email: string; specialization: string; status: "active" | "inactive" | "suspended"; activeCourses: number; rating: number; id?: string | undefined; password?: string | undefined; phone?: string | undefined; bio?: strin...'. Two different types with this name exist, but they are unrelated.
      Type 'import("E:/faiera-web/node_modules/react-hook-form/dist/types/resolvers").Resolver<{ name: string; email: string; specialization: string; status: "active" | "inactive" | "suspended"; activeCourses: number; rating: number; id?: string | undefined; password?: string | undefined; phone?: string | undefined; bio?: strin...' is not assignable to type 'import("E:/faiera-web/node_modules/react-hook-form/dist/types/resolvers").Resolver<{ name: string; email: string; specialization: string; status: "active" | "inactive" | "suspended"; activeCourses: number; rating: number; id?: string | undefined; password?: string | undefined; phone?: string | undefined; bio?: strin...'. Two different types with this name exist, but they are unrelated.
        Type 'import("E:/faiera-web/node_modules/react-hook-form/dist/types/resolvers").ResolverResult<{ name: string; email: string; specialization: string; status: "active" | "inactive" | "suspended"; activeCourses: number; rating: number; id?: string | undefined; password?: string | undefined; phone?: string | undefined; bio?:...' is not assignable to type 'import("E:/faiera-web/node_modules/react-hook-form/dist/types/resolvers").ResolverResult<{ name: string; email: string; specialization: string; status: "active" | "inactive" | "suspended"; activeCourses: number; rating: number; id?: string | undefined; password?: string | undefined; phone?: string | undefined; bio?:...'. Two different types with this name exist, but they are unrelated.
          Type 'ResolverSuccess<TFieldValues>' is not assignable to type 'ResolverResult<{ name: string; email: string; specialization: string; status: "active" | "inactive" | "suspended"; activeCourses: number; rating: number; id?: string | undefined; password?: string | undefined; phone?: string | undefined; bio?: string | undefined; avatar?: string | undefined; joinedDate?: string | un...'.
            Type 'ResolverSuccess<TFieldValues>' is not assignable to type 'ResolverSuccess<{ name: string; email: string; specialization: string; status: "active" | "inactive" | "suspended"; activeCourses: number; rating: number; id?: string | undefined; password?: string | undefined; phone?: string | undefined; bio?: string | undefined; avatar?: string | undefined; joinedDate?: string | u...'.
              Type 'TFieldValues' is not assignable to type '{ name: string; email: string; specialization: string; status: "active" | "inactive" | "suspended"; activeCourses: number; rating: number; id?: string | undefined; password?: string | undefined; phone?: string | undefined; bio?: string | undefined; avatar?: string | undefined; joinedDate?: string | undefined; }'.
                Type 'FieldValues' is missing the following properties from type '{ name: string; email: string; specialization: string; status: "active" | "inactive" | "suspended"; activeCourses: number; rating: number; id?: string | undefined; password?: string | undefined; phone?: string | undefined; bio?: string | undefined; avatar?: string | undefined; joinedDate?: string | undefined; }': name, email, specialization, status, and 2 more.
src/components/teachers/teacher-editor.tsx(266,37): error TS2719: Type 'import("E:/faiera-web/node_modules/react-hook-form/dist/types/form").Control<{ name: string; email: string; specialization: string; status: "active" | "inactive" | "suspended"; activeCourses: number; rating: number; id?: string | undefined; password?: string | undefined; phone?: string | undefined; bio?: string | un...' is not assignable to type 'import("E:/faiera-web/node_modules/react-hook-form/dist/types/form").Control<{ name: string; email: string; specialization: string; status: "active" | "inactive" | "suspended"; activeCourses: number; rating: number; id?: string | undefined; password?: string | undefined; phone?: string | undefined; bio?: string | un...'. Two different types with this name exist, but they are unrelated.
  The types of '_options.resolver' are incompatible between these types.
    Type 'import("E:/faiera-web/node_modules/react-hook-form/dist/types/resolvers").Resolver<{ name: string; email: string; specialization: string; status: "active" | "inactive" | "suspended"; activeCourses: number; rating: number; id?: string | undefined; password?: string | undefined; phone?: string | undefined; bio?: strin...' is not assignable to type 'import("E:/faiera-web/node_modules/react-hook-form/dist/types/resolvers").Resolver<{ name: string; email: string; specialization: string; status: "active" | "inactive" | "suspended"; activeCourses: number; rating: number; id?: string | undefined; password?: string | undefined; phone?: string | undefined; bio?: strin...'. Two different types with this name exist, but they are unrelated.
      Type 'import("E:/faiera-web/node_modules/react-hook-form/dist/types/resolvers").Resolver<{ name: string; email: string; specialization: string; status: "active" | "inactive" | "suspended"; activeCourses: number; rating: number; id?: string | undefined; password?: string | undefined; phone?: string | undefined; bio?: strin...' is not assignable to type 'import("E:/faiera-web/node_modules/react-hook-form/dist/types/resolvers").Resolver<{ name: string; email: string; specialization: string; status: "active" | "inactive" | "suspended"; activeCourses: number; rating: number; id?: string | undefined; password?: string | undefined; phone?: string | undefined; bio?: strin...'. Two different types with this name exist, but they are unrelated.
        Type 'import("E:/faiera-web/node_modules/react-hook-form/dist/types/resolvers").ResolverResult<{ name: string; email: string; specialization: string; status: "active" | "inactive" | "suspended"; activeCourses: number; rating: number; id?: string | undefined; password?: string | undefined; phone?: string | undefined; bio?:...' is not assignable to type 'import("E:/faiera-web/node_modules/react-hook-form/dist/types/resolvers").ResolverResult<{ name: string; email: string; specialization: string; status: "active" | "inactive" | "suspended"; activeCourses: number; rating: number; id?: string | undefined; password?: string | undefined; phone?: string | undefined; bio?:...'. Two different types with this name exist, but they are unrelated.
          Type 'ResolverSuccess<TFieldValues>' is not assignable to type 'ResolverResult<{ name: string; email: string; specialization: string; status: "active" | "inactive" | "suspended"; activeCourses: number; rating: number; id?: string | undefined; password?: string | undefined; phone?: string | undefined; bio?: string | undefined; avatar?: string | undefined; joinedDate?: string | un...'.
            Type 'ResolverSuccess<TFieldValues>' is not assignable to type 'ResolverSuccess<{ name: string; email: string; specialization: string; status: "active" | "inactive" | "suspended"; activeCourses: number; rating: number; id?: string | undefined; password?: string | undefined; phone?: string | undefined; bio?: string | undefined; avatar?: string | undefined; joinedDate?: string | u...'.
              Type 'TFieldValues' is not assignable to type '{ name: string; email: string; specialization: string; status: "active" | "inactive" | "suspended"; activeCourses: number; rating: number; id?: string | undefined; password?: string | undefined; phone?: string | undefined; bio?: string | undefined; avatar?: string | undefined; joinedDate?: string | undefined; }'.
                Type 'FieldValues' is missing the following properties from type '{ name: string; email: string; specialization: string; status: "active" | "inactive" | "suspended"; activeCourses: number; rating: number; id?: string | undefined; password?: string | undefined; phone?: string | undefined; bio?: string | undefined; avatar?: string | undefined; joinedDate?: string | undefined; }': name, email, specialization, status, and 2 more.
src/components/teachers/teacher-editor.tsx(280,37): error TS2719: Type 'import("E:/faiera-web/node_modules/react-hook-form/dist/types/form").Control<{ name: string; email: string; specialization: string; status: "active" | "inactive" | "suspended"; activeCourses: number; rating: number; id?: string | undefined; password?: string | undefined; phone?: string | undefined; bio?: string | un...' is not assignable to type 'import("E:/faiera-web/node_modules/react-hook-form/dist/types/form").Control<{ name: string; email: string; specialization: string; status: "active" | "inactive" | "suspended"; activeCourses: number; rating: number; id?: string | undefined; password?: string | undefined; phone?: string | undefined; bio?: string | un...'. Two different types with this name exist, but they are unrelated.
  The types of '_options.resolver' are incompatible between these types.
    Type 'import("E:/faiera-web/node_modules/react-hook-form/dist/types/resolvers").Resolver<{ name: string; email: string; specialization: string; status: "active" | "inactive" | "suspended"; activeCourses: number; rating: number; id?: string | undefined; password?: string | undefined; phone?: string | undefined; bio?: strin...' is not assignable to type 'import("E:/faiera-web/node_modules/react-hook-form/dist/types/resolvers").Resolver<{ name: string; email: string; specialization: string; status: "active" | "inactive" | "suspended"; activeCourses: number; rating: number; id?: string | undefined; password?: string | undefined; phone?: string | undefined; bio?: strin...'. Two different types with this name exist, but they are unrelated.
      Type 'import("E:/faiera-web/node_modules/react-hook-form/dist/types/resolvers").Resolver<{ name: string; email: string; specialization: string; status: "active" | "inactive" | "suspended"; activeCourses: number; rating: number; id?: string | undefined; password?: string | undefined; phone?: string | undefined; bio?: strin...' is not assignable to type 'import("E:/faiera-web/node_modules/react-hook-form/dist/types/resolvers").Resolver<{ name: string; email: string; specialization: string; status: "active" | "inactive" | "suspended"; activeCourses: number; rating: number; id?: string | undefined; password?: string | undefined; phone?: string | undefined; bio?: strin...'. Two different types with this name exist, but they are unrelated.
        Type 'import("E:/faiera-web/node_modules/react-hook-form/dist/types/resolvers").ResolverResult<{ name: string; email: string; specialization: string; status: "active" | "inactive" | "suspended"; activeCourses: number; rating: number; id?: string | undefined; password?: string | undefined; phone?: string | undefined; bio?:...' is not assignable to type 'import("E:/faiera-web/node_modules/react-hook-form/dist/types/resolvers").ResolverResult<{ name: string; email: string; specialization: string; status: "active" | "inactive" | "suspended"; activeCourses: number; rating: number; id?: string | undefined; password?: string | undefined; phone?: string | undefined; bio?:...'. Two different types with this name exist, but they are unrelated.
          Type 'ResolverSuccess<TFieldValues>' is not assignable to type 'ResolverResult<{ name: string; email: string; specialization: string; status: "active" | "inactive" | "suspended"; activeCourses: number; rating: number; id?: string | undefined; password?: string | undefined; phone?: string | undefined; bio?: string | undefined; avatar?: string | undefined; joinedDate?: string | un...'.
            Type 'ResolverSuccess<TFieldValues>' is not assignable to type 'ResolverSuccess<{ name: string; email: string; specialization: string; status: "active" | "inactive" | "suspended"; activeCourses: number; rating: number; id?: string | undefined; password?: string | undefined; phone?: string | undefined; bio?: string | undefined; avatar?: string | undefined; joinedDate?: string | u...'.
              Type 'TFieldValues' is not assignable to type '{ name: string; email: string; specialization: string; status: "active" | "inactive" | "suspended"; activeCourses: number; rating: number; id?: string | undefined; password?: string | undefined; phone?: string | undefined; bio?: string | undefined; avatar?: string | undefined; joinedDate?: string | undefined; }'.
                Type 'FieldValues' is missing the following properties from type '{ name: string; email: string; specialization: string; status: "active" | "inactive" | "suspended"; activeCourses: number; rating: number; id?: string | undefined; password?: string | undefined; phone?: string | undefined; bio?: string | undefined; avatar?: string | undefined; joinedDate?: string | undefined; }': name, email, specialization, status, and 2 more.
src/components/teachers/teacher-editor.tsx(304,33): error TS2719: Type 'import("E:/faiera-web/node_modules/react-hook-form/dist/types/form").Control<{ name: string; email: string; specialization: string; status: "active" | "inactive" | "suspended"; activeCourses: number; rating: number; id?: string | undefined; password?: string | undefined; phone?: string | undefined; bio?: string | un...' is not assignable to type 'import("E:/faiera-web/node_modules/react-hook-form/dist/types/form").Control<{ name: string; email: string; specialization: string; status: "active" | "inactive" | "suspended"; activeCourses: number; rating: number; id?: string | undefined; password?: string | undefined; phone?: string | undefined; bio?: string | un...'. Two different types with this name exist, but they are unrelated.
  The types of '_options.resolver' are incompatible between these types.
    Type 'import("E:/faiera-web/node_modules/react-hook-form/dist/types/resolvers").Resolver<{ name: string; email: string; specialization: string; status: "active" | "inactive" | "suspended"; activeCourses: number; rating: number; id?: string | undefined; password?: string | undefined; phone?: string | undefined; bio?: strin...' is not assignable to type 'import("E:/faiera-web/node_modules/react-hook-form/dist/types/resolvers").Resolver<{ name: string; email: string; specialization: string; status: "active" | "inactive" | "suspended"; activeCourses: number; rating: number; id?: string | undefined; password?: string | undefined; phone?: string | undefined; bio?: strin...'. Two different types with this name exist, but they are unrelated.
      Type 'import("E:/faiera-web/node_modules/react-hook-form/dist/types/resolvers").Resolver<{ name: string; email: string; specialization: string; status: "active" | "inactive" | "suspended"; activeCourses: number; rating: number; id?: string | undefined; password?: string | undefined; phone?: string | undefined; bio?: strin...' is not assignable to type 'import("E:/faiera-web/node_modules/react-hook-form/dist/types/resolvers").Resolver<{ name: string; email: string; specialization: string; status: "active" | "inactive" | "suspended"; activeCourses: number; rating: number; id?: string | undefined; password?: string | undefined; phone?: string | undefined; bio?: strin...'. Two different types with this name exist, but they are unrelated.
        Type 'import("E:/faiera-web/node_modules/react-hook-form/dist/types/resolvers").ResolverResult<{ name: string; email: string; specialization: string; status: "active" | "inactive" | "suspended"; activeCourses: number; rating: number; id?: string | undefined; password?: string | undefined; phone?: string | undefined; bio?:...' is not assignable to type 'import("E:/faiera-web/node_modules/react-hook-form/dist/types/resolvers").ResolverResult<{ name: string; email: string; specialization: string; status: "active" | "inactive" | "suspended"; activeCourses: number; rating: number; id?: string | undefined; password?: string | undefined; phone?: string | undefined; bio?:...'. Two different types with this name exist, but they are unrelated.
          Type 'ResolverSuccess<TFieldValues>' is not assignable to type 'ResolverResult<{ name: string; email: string; specialization: string; status: "active" | "inactive" | "suspended"; activeCourses: number; rating: number; id?: string | undefined; password?: string | undefined; phone?: string | undefined; bio?: string | undefined; avatar?: string | undefined; joinedDate?: string | un...'.
            Type 'ResolverSuccess<TFieldValues>' is not assignable to type 'ResolverSuccess<{ name: string; email: string; specialization: string; status: "active" | "inactive" | "suspended"; activeCourses: number; rating: number; id?: string | undefined; password?: string | undefined; phone?: string | undefined; bio?: string | undefined; avatar?: string | undefined; joinedDate?: string | u...'.
              Type 'TFieldValues' is not assignable to type '{ name: string; email: string; specialization: string; status: "active" | "inactive" | "suspended"; activeCourses: number; rating: number; id?: string | undefined; password?: string | undefined; phone?: string | undefined; bio?: string | undefined; avatar?: string | undefined; joinedDate?: string | undefined; }'.
                Type 'FieldValues' is missing the following properties from type '{ name: string; email: string; specialization: string; status: "active" | "inactive" | "suspended"; activeCourses: number; rating: number; id?: string | undefined; password?: string | undefined; phone?: string | undefined; bio?: string | undefined; avatar?: string | undefined; joinedDate?: string | undefined; }': name, email, specialization, status, and 2 more.
src/components/ui/accordion.tsx(4,37): error TS2307: Cannot find module '@radix-ui/react-accordion' or its corresponding type declarations.
src/components/ui/dialog.tsx(32,48): error TS2322: Type '(newOpen: boolean) => void' is not assignable to type 'Dispatch<SetStateAction<boolean>>'.
  Types of parameters 'newOpen' and 'value' are incompatible.
    Type 'SetStateAction<boolean>' is not assignable to type 'boolean'.
      Type '(prevState: boolean) => boolean' is not assignable to type 'boolean'.
src/components/ui/form.tsx(2,33): error TS2307: Cannot find module '@radix-ui/react-label' or its corresponding type declarations.
src/lib/schemas/session.ts(13,25): error TS2353: Object literal may only specify known properties, and 'required_error' does not exist in type '{ error?: string | $ZodErrorMap<$ZodIssueInvalidType<unknown>> | undefined; message?: string | undefined; }'.
